[backblue.gif]
[fade.gif]
[index.html]
[localhost/about me/wp-content/uploads/2018/09/untitled.png]
[localhost/about me/index.php/feed/index.html]
[localhost/about me/index.php/comments/feed/index.html]
[localhost/about me/wp-includes/js/jquery/jqueryb8ff.js]
[localhost/about me/wp-includes/js/jquery/jquery-migrate.min330a.js]
[localhost/about me/wp-includes/js/jquery/ui/core.mine899.js]
[localhost/about me/wp-content/themes/enfold/js/avia-compat77ae.js]
[localhost/about me/wp-includes/js/mediaelement/mediaelement-and-player.min45a0.js]
[localhost/about me/wp-includes/js/mediaelement/mediaelement-migrate.min5010.js]
[localhost/about me/xmlrpc0db0.php]
[localhost/about me/index.php/wp-json/index.html]
[localhost/about me/wp-includes/wlwmanifest.xml]
[localhost/about me/index.php/wp-json/oembed/1.0/embedb991.json]
[localhost/about me/index.php/wp-json/oembed/1.0/embed2989]
[localhost/about me/wp-content/themes/enfold/config-templatebuilder/avia-template-builder/assets/fonts/entypo-fontello30f4.eot]
[localhost/about me/wp-content/themes/enfold/config-templatebuilder/avia-template-builder/assets/fonts/entypo-fontello30f4.woff]
[localhost/about me/wp-content/themes/enfold/config-templatebuilder/avia-template-builder/assets/fonts/entypo-fontello30f4.ttf]
[localhost/about me/wp-content/uploads/2018/09/images-300x101.png]
[localhost/about me/wp-content/uploads/2018/09/BeautyPlus_20180419133400_fast-169x300.jpg]
[localhost/about me/wp-content/themes/enfold/js/avia592e.js]
[localhost/about me/wp-content/themes/enfold/js/shortcodes592e.js]
[localhost/about me/wp-content/themes/enfold/js/aviapopup/jquery.magnific-popup.min77ae.js]
[localhost/about me/wp-includes/js/mediaelement/wp-mediaelement.min5010.js]
[localhost/about me/wp-includes/js/comment-reply.min5010.js]
[localhost/about me/wp-includes/js/wp-embed.min5010.js]
[localhost/about me/index.html]
[localhost/about me/wp-content/plugins/mega-addons-for-visual-composer/css/ihover5010.css]
[localhost/about me/wp-content/plugins/mega-addons-for-visual-composer/css/style5010.css]
[localhost/about me/wp-content/plugins/mega-addons-for-visual-composer/css/font-awesome/fonts/fontawesome-webfont3e6e.woff]
[localhost/about me/wp-content/plugins/mega-addons-for-visual-composer/css/font-awesome/css/font-awesome5010.css]
[localhost/about me/wp-content/themes/enfold/css/grid77ae.css]
[localhost/about me/wp-content/themes/enfold/css/base77ae.css]
[localhost/about me/wp-content/themes/enfold/images/layout/loading.gif]
[localhost/about me/wp-content/themes/enfold/css/layout77ae.css]
[localhost/about me/wp-content/themes/enfold/images/layout/preload-dark-big.gif]
[localhost/about me/wp-content/themes/enfold/images/layout/preload-dark-grey-big.gif]
[localhost/about me/wp-content/themes/enfold/css/shortcodes77ae.css]
[localhost/about me/wp-content/themes/enfold/js/aviapopup/magnific-popup68b3.css]
[localhost/about me/wp-content/themes/enfold/js/mediaelement/skin-1/background.png]
[localhost/about me/wp-content/themes/enfold/js/mediaelement/skin-1/sep.png]
[localhost/about me/wp-content/themes/enfold/js/mediaelement/skin-1/controls.png]
[localhost/about me/wp-content/themes/enfold/js/mediaelement/skin-1/mediaelementplayer68b3.css]
[localhost/about me/wp-content/themes/enfold/css/print68b3.css]
[localhost/about me/wp-content/themes/enfold/images/background-images/diagonal-bold-light.png]
[localhost/about me/wp-content/uploads/dynamic_avia/enfold_share_on_themelot.netb45c.css]
[localhost/about me/wp-content/themes/enfold/css/custom77ae.css]
[localhost/about me/wp-content/plugins/mega-addons-for-visual-composer/js/script5010.html]
[localhost/about me/xmlrpc.php]
[localhost/about me/wp-content/themes/enfold/config-templatebuilder/avia-template-builder/assets/fonts/entypo-fontello30f4.svg]
[localhost/about me/index.php/wp-json/oembed/1.0/embeda5e4.json]
[localhost/about me/index.php/wp-json/oembed/1.0/embedfb96]
[localhost/about me/index.php/about-me/index.html]
[localhost/about me/index.php/wp-json/oembed/1.0/embed40db.json]
[localhost/about me/index.php/wp-json/oembed/1.0/embede3c7]
[localhost/about me/index.php/experiences/index.html]
[localhost/about me/index.php/wp-json/oembed/1.0/embeddd50.json]
[localhost/about me/index.php/wp-json/oembed/1.0/embed1103]
[localhost/about me/index.php/experiences/introduction-to-html5/index.html]
[localhost/about me/index.php/wp-json/oembed/1.0/embed67b8.json]
[localhost/about me/index.php/wp-json/oembed/1.0/embedd8da]
[localhost/about me/index.php/contact-me/index.html]
[localhost/about me/index1919.html]
[localhost/icons/blank.gif]
[localhost/about me/index.php/search/feed/rss2/index.html]
[localhost/icons/back.gif]
[localhost/icons/unknown.gif]
[localhost/icons/folder.gif]
[localhost/about me/wp-content/themes/enfold/framework/index.html]
[localhost/about me/wp-content/themes/enfold/index.html]
[localhost/about me/wp-admin/admin-ajax.html]
[localhost/about me/wp-content/plugins/mega-addons-for-visual-composer/fonts/glyphicons-halflings-regular.html]
[localhost/about me/wp-content/plugins/mega-addons-for-visual-composer/fonts/glyphicons-halflings-regulard41d.html]
[localhost/about me/wp-content/plugins/mega-addons-for-visual-composer/fonts/glyphicons-halflings-regular-2.html]
[localhost/about me/wp-content/plugins/mega-addons-for-visual-composer/fonts/glyphicons-halflings-regular-3.html]
[localhost/about me/wp-content/plugins/mega-addons-for-visual-composer/fonts/glyphicons-halflings-regular-4.html]
[localhost/about me/wp-content/plugins/mega-addons-for-visual-composer/fonts/glyphicons-halflings-regular-5.html]
[localhost/about me/wp-content/plugins/mega-addons-for-visual-composer/images/bg_header.html]
[localhost/about me/wp-content/plugins/mega-addons-for-visual-composer/css/font-awesome/fonts/fontawesome-webfont3e6e.html]
[localhost/about me/wp-content/plugins/mega-addons-for-visual-composer/css/font-awesome/fonts/fontawesome-webfontd41d.html]
[localhost/about me/wp-content/plugins/mega-addons-for-visual-composer/css/font-awesome/fonts/fontawesome-webfont3e6e-2.html]
[localhost/about me/wp-content/plugins/mega-addons-for-visual-composer/css/font-awesome/fonts/fontawesome-webfont3e6e-3.html]
[localhost/about me/wp-content/plugins/mega-addons-for-visual-composer/css/font-awesome/fonts/fontawesome-webfont3e6e.svg]
[localhost/about me/indexcc0f.html]
[localhost/about me/index.php/about-me/index1919.html]
[localhost/about me/index6f72.html]
[localhost/about me/index.php/experiences/index1919.html]
[localhost/about me/indexada0.html]
[localhost/about me/index.php/experiences/introduction-to-html5/index1919.html]
[localhost/about me/index4f61.html]
[localhost/about me/index.php/contact-me/index1919.html]
[localhost/about me/wp-content/themes/enfold/framework/indexc052.html]
[localhost/about me/wp-content/themes/enfold/framework/indexf8a0.html]
[localhost/about me/wp-content/themes/enfold/framework/indexbfec.html]
[localhost/about me/wp-content/themes/enfold/framework/index30b5.html]
[localhost/about me/wp-content/themes/enfold/framework/avia_framework.html]
[localhost/icons/text.gif]
[localhost/about me/wp-content/themes/enfold/framework/css/index.html]
[localhost/about me/wp-content/themes/enfold/framework/images/index.html]
[localhost/about me/wp-content/themes/enfold/framework/js/avia_advanced_form_elements.js]
[localhost/about me/wp-content/themes/enfold/framework/js/avia_colorpicker.js]
[localhost/about me/wp-content/themes/enfold/framework/js/avia_dynamic_templates.js]
[localhost/about me/wp-content/themes/enfold/framework/js/avia_edit_dynamic_templtes.js]
[localhost/about me/wp-content/themes/enfold/framework/js/avia_media.js]
[localhost/about me/wp-content/themes/enfold/framework/js/avia_media_advanced.js]
[localhost/about me/wp-content/themes/enfold/framework/js/avia_media_wp35.js]
[localhost/about me/wp-content/themes/enfold/framework/js/avia_mega_menu.js]
[localhost/about me/wp-content/themes/enfold/framework/js/avia_option_pages.js]
[localhost/about me/wp-content/themes/enfold/framework/js/avia_sidebar.js]
[localhost/about me/wp-content/themes/enfold/framework/js/index.html]
[localhost/about me/wp-content/themes/enfold/framework/php/index.html]
[localhost/about me/wp-content/themes/enfold/framework/indexb70a.html]
[localhost/about me/wp-content/themes/enfold/framework/index72c9.html]
[localhost/about me/wp-content/themes/enfold/framework/index5851.html]
[localhost/about me/wp-content/themes/enfold/framework/indexad3f.html]
[localhost/about me/wp-content/themes/enfold/framework/css/indexc052.html]
[localhost/about me/wp-content/themes/enfold/framework/css/indexf8a0.html]
[localhost/about me/wp-content/themes/enfold/framework/css/indexbfec.html]
[localhost/about me/wp-content/themes/enfold/framework/css/index30b5.html]
[localhost/about me/wp-content/themes/enfold/framework/images/layout/bg-bottom-shadow.png]
[localhost/about me/wp-content/themes/enfold/framework/images/icons/close.png]
[localhost/about me/wp-content/themes/enfold/framework/images/icons/add.png]
[localhost/about me/wp-content/themes/enfold/framework/images/icons/loading.gif]
[localhost/about me/wp-content/themes/enfold/framework/images/icons/loading_mini.gif]
[localhost/about me/wp-content/themes/enfold/framework/images/icons/success.png]
[localhost/about me/wp-content/themes/enfold/framework/images/icons/alert.png]
[localhost/about me/wp-content/themes/enfold/framework/images/layout/bg-button.png]
[localhost/about me/wp-content/themes/enfold/framework/images/layout/bg-style-wrap.png]
[localhost/about me/wp-content/themes/enfold/framework/images/layout/select.png]
[localhost/about me/wp-content/themes/enfold/framework/images/layout/bg.png]
[localhost/about me/wp-content/themes/enfold/framework/images/icons/bin_closed.png]
[localhost/about me/wp-content/themes/enfold/framework/images/layout/sort_arrow_down.png]
[localhost/about me/wp-content/themes/enfold/framework/php/avia_shortcodes/tinymce/img/icon.png]
[localhost/about me/wp-content/themes/enfold/framework/css/avia_admin.css]
[localhost/about me/wp-content/themes/enfold/framework/images/colorpicker/colorpicker_background.png]
[localhost/about me/wp-content/themes/enfold/framework/images/colorpicker/colorpicker_overlay.png]
[localhost/about me/wp-content/themes/enfold/framework/images/colorpicker/colorpicker_select.gif]
[localhost/about me/wp-content/themes/enfold/framework/images/colorpicker/colorpicker_indic.gif]
[localhost/about me/wp-content/themes/enfold/framework/images/colorpicker/colorpicker_hex.png]
[localhost/about me/wp-content/themes/enfold/framework/images/colorpicker/colorpicker_rgb_r.png]
[localhost/about me/wp-content/themes/enfold/framework/images/colorpicker/colorpicker_rgb_g.png]
[localhost/about me/wp-content/themes/enfold/framework/images/colorpicker/colorpicker_rgb_b.png]
[localhost/about me/wp-content/themes/enfold/framework/images/colorpicker/colorpicker_hsb_h.png]
[localhost/about me/wp-content/themes/enfold/framework/images/colorpicker/colorpicker_hsb_s.png]
[localhost/about me/wp-content/themes/enfold/framework/images/colorpicker/colorpicker_hsb_b.png]
[localhost/about me/wp-content/themes/enfold/framework/images/colorpicker/colorpicker_submit.png]
[localhost/about me/wp-content/themes/enfold/framework/images/colorpicker/select2.png]
[localhost/about me/wp-content/themes/enfold/framework/css/avia_colorpicker.css]
[localhost/about me/wp-content/themes/enfold/framework/images/icons/icon-trash.png]
[localhost/about me/wp-content/themes/enfold/framework/css/avia_sidebar.css]
[localhost/about me/wp-content/themes/enfold/framework/css/conditional_load/index.html]
[localhost/about me/wp-content/themes/enfold/framework/images/indexc052.html]
[localhost/about me/wp-content/themes/enfold/framework/images/indexf8a0.html]
[localhost/about me/wp-content/themes/enfold/framework/images/indexbfec.html]
[localhost/about me/wp-content/themes/enfold/framework/images/index30b5.html]
[localhost/icons/image2.gif]
[localhost/about me/wp-content/themes/enfold/framework/images/colorpicker/blank.gif]
[localhost/about me/wp-content/themes/enfold/framework/images/colorpicker/custom_background.png]
[localhost/about me/wp-content/themes/enfold/framework/images/colorpicker/custom_hex.png]
[localhost/about me/wp-content/themes/enfold/framework/images/colorpicker/custom_hsb_b.png]
[localhost/about me/wp-content/themes/enfold/framework/images/colorpicker/custom_hsb_h.png]
[localhost/about me/wp-content/themes/enfold/framework/images/colorpicker/custom_hsb_s.png]
[localhost/about me/wp-content/themes/enfold/framework/images/colorpicker/custom_indic.gif]
[localhost/about me/wp-content/themes/enfold/framework/images/colorpicker/custom_rgb_b.png]
[localhost/about me/wp-content/themes/enfold/framework/images/colorpicker/custom_rgb_g.png]
[localhost/about me/wp-content/themes/enfold/framework/images/colorpicker/custom_rgb_r.png]
[localhost/about me/wp-content/themes/enfold/framework/images/colorpicker/custom_submit.png]
[localhost/about me/wp-content/themes/enfold/framework/images/colorpicker/select.png]
[localhost/about me/wp-content/themes/enfold/framework/images/colorpicker/slider.png]
[localhost/about me/wp-content/themes/enfold/framework/images/colorpicker/index.html]
[localhost/about me/wp-content/themes/enfold/framework/images/icons/accept.png]
[localhost/about me/wp-content/themes/enfold/framework/images/icons/application_side_expand.png]
[localhost/about me/wp-content/themes/enfold/framework/images/icons/blog.png]
[localhost/about me/wp-content/themes/enfold/framework/images/icons/blueprint_horizontal.png]
[localhost/about me/wp-content/themes/enfold/framework/images/icons/book_addresses.png]
[localhost/about me/wp-content/themes/enfold/framework/images/icons/brick.png]
[localhost/about me/wp-content/themes/enfold/framework/images/icons/cog.png]
[localhost/about me/wp-content/themes/enfold/framework/images/icons/doc_text_image.png]
[localhost/about me/wp-content/themes/enfold/framework/images/icons/error.png]
[localhost/about me/wp-content/themes/enfold/framework/images/icons/hammer_screwdriver.png]
[localhost/about me/wp-content/themes/enfold/framework/images/icons/images.png]
[localhost/about me/wp-content/themes/enfold/framework/images/icons/import_export.png]
[localhost/about me/wp-content/themes/enfold/framework/images/icons/layout_header_footer_3_mix.png]
[localhost/about me/wp-content/themes/enfold/framework/images/icons/layout_select.png]
[localhost/about me/wp-content/themes/enfold/framework/images/icons/layout_select_footer.png]
[localhost/about me/wp-content/themes/enfold/framework/images/icons/layout_select_sidebar.png]
[localhost/about me/wp-content/themes/enfold/framework/images/icons/page_white_wrench.png]
[localhost/about me/wp-content/themes/enfold/framework/images/icons/paintbrush.png]
[localhost/about me/wp-content/themes/enfold/framework/images/icons/paintcan.png]
[localhost/about me/wp-content/themes/enfold/framework/images/icons/palette.png]
[localhost/about me/wp-content/themes/enfold/framework/images/icons/photo_album.png]
[localhost/about me/wp-content/themes/enfold/framework/images/icons/search.png]
[localhost/about me/wp-content/themes/enfold/framework/images/icons/social_facebook.png]
[localhost/about me/wp-content/themes/enfold/framework/images/icons/social_flickr.png]
[localhost/about me/wp-content/themes/enfold/framework/images/icons/social_twitter.png]
[localhost/about me/wp-content/themes/enfold/framework/images/icons/update.png]
[localhost/about me/wp-content/themes/enfold/framework/images/icons/user.png]
[localhost/about me/wp-content/themes/enfold/framework/images/icons/video.png]
[localhost/about me/wp-content/themes/enfold/framework/images/icons/video_insert_image.png]
[localhost/about me/wp-content/themes/enfold/framework/images/icons/wand.png]
[localhost/about me/wp-content/themes/enfold/framework/images/icons/index.html]
[localhost/about me/wp-content/themes/enfold/framework/images/layout/FIND_API.jpg]
[localhost/about me/wp-content/themes/enfold/framework/images/layout/arrow.png]
[localhost/about me/wp-content/themes/enfold/framework/images/layout/diagonal-bold-light.png]
[localhost/about me/wp-content/themes/enfold/framework/images/layout/gray-grad.png]
[localhost/about me/wp-content/themes/enfold/framework/images/layout/menu-bits.gif]
[localhost/about me/wp-content/themes/enfold/framework/images/layout/select_colorpicker.png]
[localhost/about me/wp-content/themes/enfold/framework/images/layout/transparency.png]
[localhost/about me/wp-content/themes/enfold/framework/images/layout/index.html]
[localhost/about me/wp-content/themes/enfold/framework/js/indexc052.html]
[localhost/about me/wp-content/themes/enfold/framework/js/indexf8a0.html]
[localhost/about me/wp-content/themes/enfold/framework/js/indexbfec.html]
[localhost/about me/wp-content/themes/enfold/framework/js/index30b5.html]
[localhost/about me/wp-content/themes/enfold/framework/js/conditional_load/avia_conditional_mega_menu.js]
[localhost/about me/wp-content/themes/enfold/framework/js/conditional_load/avia_google_maps_widget.js]
[localhost/about me/wp-content/themes/enfold/framework/js/conditional_load/index.html]
[localhost/about me/wp-content/themes/enfold/framework/php/indexc052.html]
[localhost/about me/wp-content/themes/enfold/framework/php/indexf8a0.html]
[localhost/about me/wp-content/themes/enfold/framework/php/indexbfec.html]
[localhost/about me/wp-content/themes/enfold/framework/php/index30b5.html]
[localhost/about me/wp-content/themes/enfold/framework/php/auto-updates/index.html]
[localhost/about me/wp-content/themes/enfold/framework/php/avia_shortcodes/index.html]
[localhost/about me/wp-content/themes/enfold/framework/php/class-adminpages.html]
[localhost/about me/wp-content/themes/enfold/framework/php/class-breadcrumb.html]
[localhost/about me/wp-content/themes/enfold/framework/php/class-database-option-sets.html]
[localhost/about me/wp-content/themes/enfold/framework/php/class-form-generator.html]
[localhost/about me/wp-content/themes/enfold/framework/php/class-framework-widgets.html]
[localhost/about me/wp-content/themes/enfold/framework/php/class-htmlhelper.html]
[localhost/about me/wp-content/themes/enfold/framework/php/class-media.html]
[localhost/about me/wp-content/themes/enfold/framework/php/class-megamenu.html]
[localhost/about me/wp-content/themes/enfold/framework/php/class-metabox.html]
[localhost/about me/wp-content/themes/enfold/framework/php/class-queryfilter.html]
[localhost/about me/wp-content/themes/enfold/framework/php/class-sidebar-generator.html]
[localhost/about me/wp-content/themes/enfold/framework/php/class-style-generator.html]
[localhost/about me/wp-content/themes/enfold/framework/php/class-superobject.html]
[localhost/about me/wp-content/themes/enfold/framework/php/class-tgm-plugin-activation.html]
[localhost/about me/wp-content/themes/enfold/framework/php/class-update-notifier.html]
[localhost/about me/wp-content/themes/enfold/framework/php/function-set-avia-ajax.html]
[localhost/about me/wp-content/themes/enfold/framework/php/function-set-avia-backend.html]
[localhost/about me/wp-content/themes/enfold/framework/php/function-set-avia-frontend.html]
[localhost/about me/wp-content/themes/enfold/framework/php/inc-autoconfig.html]
[localhost/about me/wp-content/themes/enfold/framework/php/inc-avia-importer.html]
[localhost/about me/wp-content/themes/enfold/framework/php/wordpress-importer/index.html]
[localhost/about me/wp-content/themes/enfold/framework/css/indexb70a.html]
[localhost/about me/wp-content/themes/enfold/framework/css/index72c9.html]
[localhost/about me/wp-content/themes/enfold/framework/css/index5851.html]
[localhost/about me/wp-content/themes/enfold/framework/css/indexad3f.html]
[localhost/about me/wp-content/themes/enfold/framework/css/conditional_load/indexc052.html]
[localhost/about me/wp-content/themes/enfold/framework/css/conditional_load/indexf8a0.html]
[localhost/about me/wp-content/themes/enfold/framework/css/conditional_load/indexbfec.html]
[localhost/about me/wp-content/themes/enfold/framework/css/conditional_load/index30b5.html]
[localhost/about me/wp-content/themes/enfold/framework/css/conditional_load/avia_gallery_mode.css]
[localhost/about me/wp-content/themes/enfold/framework/images/indexb70a.html]
[localhost/about me/wp-content/themes/enfold/framework/images/index72c9.html]
[localhost/about me/wp-content/themes/enfold/framework/images/index5851.html]
[localhost/about me/wp-content/themes/enfold/framework/images/indexad3f.html]
[localhost/about me/wp-content/themes/enfold/framework/images/colorpicker/indexc052.html]
[localhost/about me/wp-content/themes/enfold/framework/images/colorpicker/indexf8a0.html]
[localhost/about me/wp-content/themes/enfold/framework/images/colorpicker/indexbfec.html]
[localhost/about me/wp-content/themes/enfold/framework/images/colorpicker/index30b5.html]
[localhost/about me/wp-content/themes/enfold/framework/images/icons/indexc052.html]
[localhost/about me/wp-content/themes/enfold/framework/images/icons/indexf8a0.html]
[localhost/about me/wp-content/themes/enfold/framework/images/icons/indexbfec.html]
[localhost/about me/wp-content/themes/enfold/framework/images/icons/index30b5.html]
[localhost/about me/wp-content/themes/enfold/framework/images/layout/indexc052.html]
[localhost/about me/wp-content/themes/enfold/framework/images/layout/indexf8a0.html]
[localhost/about me/wp-content/themes/enfold/framework/images/layout/indexbfec.html]
[localhost/about me/wp-content/themes/enfold/framework/images/layout/index30b5.html]
[localhost/about me/wp-content/themes/enfold/framework/js/indexb70a.html]
[localhost/about me/wp-content/themes/enfold/framework/js/index72c9.html]
[localhost/about me/wp-content/themes/enfold/framework/js/index5851.html]
[localhost/about me/wp-content/themes/enfold/framework/js/indexad3f.html]
[localhost/about me/wp-content/themes/enfold/framework/js/conditional_load/indexc052.html]
[localhost/about me/wp-content/themes/enfold/framework/js/conditional_load/indexf8a0.html]
[localhost/about me/wp-content/themes/enfold/framework/js/conditional_load/indexbfec.html]
[localhost/about me/wp-content/themes/enfold/framework/js/conditional_load/index30b5.html]
[localhost/about me/wp-content/themes/enfold/framework/php/indexb70a.html]
[localhost/about me/wp-content/themes/enfold/framework/php/index72c9.html]
[localhost/about me/wp-content/themes/enfold/framework/php/index5851.html]
[localhost/about me/wp-content/themes/enfold/framework/php/indexad3f.html]
[localhost/about me/wp-content/themes/enfold/framework/php/auto-updates/indexc052.html]
[localhost/about me/wp-content/themes/enfold/framework/php/auto-updates/indexf8a0.html]
[localhost/about me/wp-content/themes/enfold/framework/php/auto-updates/indexbfec.html]
[localhost/about me/wp-content/themes/enfold/framework/php/auto-updates/index30b5.html]
[localhost/about me/wp-content/themes/enfold/framework/php/auto-updates/auto-updates.html]
[localhost/about me/wp-content/themes/enfold/framework/php/auto-updates/class-envato-protected-api.html]
[localhost/about me/wp-content/themes/enfold/framework/php/auto-updates/class-pixelentity-theme-update.html]
[localhost/about me/wp-content/themes/enfold/framework/php/avia_shortcodes/indexc052.html]
[localhost/about me/wp-content/themes/enfold/framework/php/avia_shortcodes/indexf8a0.html]
[localhost/about me/wp-content/themes/enfold/framework/php/avia_shortcodes/indexbfec.html]
[localhost/about me/wp-content/themes/enfold/framework/php/avia_shortcodes/index30b5.html]
[localhost/about me/wp-content/themes/enfold/framework/php/avia_shortcodes/css/index.html]
[localhost/about me/wp-content/themes/enfold/framework/php/avia_shortcodes/img/checkmark.gif]
[localhost/about me/wp-content/themes/enfold/framework/php/avia_shortcodes/img/globe-preloader.gif]
[localhost/about me/wp-content/themes/enfold/framework/php/avia_shortcodes/img/preloader.gif]
[localhost/about me/wp-content/themes/enfold/framework/php/avia_shortcodes/img/x.gif]
[localhost/about me/wp-content/themes/enfold/framework/php/avia_shortcodes/img/index.html]
[localhost/about me/wp-content/themes/enfold/framework/php/avia_shortcodes/preview-shortcode-external.html]
[localhost/about me/wp-content/themes/enfold/framework/php/avia_shortcodes/sc/big_box.js]
[localhost/about me/wp-content/themes/enfold/framework/php/avia_shortcodes/sc/box.js]
[localhost/about me/wp-content/themes/enfold/framework/php/avia_shortcodes/sc/button.js]
[localhost/about me/wp-content/themes/enfold/framework/php/avia_shortcodes/sc/column.js]
[localhost/about me/wp-content/themes/enfold/framework/php/avia_shortcodes/sc/digg.js]
[localhost/about me/wp-content/themes/enfold/framework/php/avia_shortcodes/sc/fblike.js]
[localhost/about me/wp-content/themes/enfold/framework/php/avia_shortcodes/sc/iconbox.js]
[localhost/about me/wp-content/themes/enfold/framework/php/avia_shortcodes/sc/iconbox_top.js]
[localhost/about me/wp-content/themes/enfold/framework/php/avia_shortcodes/sc/ilink.js]
[localhost/about me/wp-content/themes/enfold/framework/php/avia_shortcodes/sc/latest_portfolio.js]
[localhost/about me/wp-content/themes/enfold/framework/php/avia_shortcodes/sc/latest_posts.js]
[localhost/about me/wp-content/themes/enfold/framework/php/avia_shortcodes/sc/latest_tweets.js]
[localhost/about me/wp-content/themes/enfold/framework/php/avia_shortcodes/sc/quote.js]
[localhost/about me/wp-content/themes/enfold/framework/php/avia_shortcodes/sc/related.js]
[localhost/about me/wp-content/themes/enfold/framework/php/avia_shortcodes/sc/sidebar_tabs.js]
[localhost/about me/wp-content/themes/enfold/framework/php/avia_shortcodes/sc/slider.js]
[localhost/about me/wp-content/themes/enfold/framework/php/avia_shortcodes/sc/tab.js]
[localhost/about me/wp-content/themes/enfold/framework/php/avia_shortcodes/sc/table.js]
[localhost/about me/wp-content/themes/enfold/framework/php/avia_shortcodes/sc/toggle.js]
[localhost/about me/wp-content/themes/enfold/framework/php/avia_shortcodes/sc/tweetmeme.js]
[localhost/about me/wp-content/themes/enfold/framework/php/avia_shortcodes/sc/twitter.js]
[localhost/about me/wp-content/themes/enfold/framework/php/avia_shortcodes/sc/index.html]
[localhost/about me/wp-content/themes/enfold/framework/php/avia_shortcodes/shortcodes.html]
[localhost/about me/wp-content/themes/enfold/framework/php/avia_shortcodes/tinymce/editor_plugin.js]
[localhost/about me/wp-content/themes/enfold/framework/php/avia_shortcodes/tinymce/editor_plugin_3.js]
[localhost/about me/wp-content/themes/enfold/framework/php/avia_shortcodes/tinymce/index.html]
[localhost/about me/wp-content/themes/enfold/framework/php/wordpress-importer/indexc052.html]
[localhost/about me/wp-content/themes/enfold/framework/php/wordpress-importer/indexf8a0.html]
[localhost/about me/wp-content/themes/enfold/framework/php/wordpress-importer/indexbfec.html]
[localhost/about me/wp-content/themes/enfold/framework/php/wordpress-importer/index30b5.html]
[localhost/about me/wp-content/themes/enfold/framework/php/wordpress-importer/avia-export-class.html]
[localhost/about me/wp-content/themes/enfold/framework/php/wordpress-importer/avia-import-class.html]
[localhost/about me/wp-content/themes/enfold/framework/php/wordpress-importer/parsers.html]
[localhost/about me/wp-content/themes/enfold/framework/php/wordpress-importer/wordpress-importer.html]
[localhost/about me/wp-content/themes/enfold/framework/css/conditional_load/indexb70a.html]
[localhost/about me/wp-content/themes/enfold/framework/css/conditional_load/index72c9.html]
[localhost/about me/wp-content/themes/enfold/framework/css/conditional_load/indexad3f.html]
[localhost/about me/wp-content/themes/enfold/framework/images/colorpicker/indexb70a.html]
[localhost/about me/wp-content/themes/enfold/framework/images/colorpicker/index72c9.html]
[localhost/about me/wp-content/themes/enfold/framework/images/colorpicker/index5851.html]
[localhost/about me/wp-content/themes/enfold/framework/images/colorpicker/indexad3f.html]
[localhost/about me/wp-content/themes/enfold/framework/images/icons/indexb70a.html]
[localhost/about me/wp-content/themes/enfold/framework/images/icons/index72c9.html]
[localhost/about me/wp-content/themes/enfold/framework/images/icons/index5851.html]
[localhost/about me/wp-content/themes/enfold/framework/images/icons/indexad3f.html]
[localhost/about me/wp-content/themes/enfold/framework/images/layout/indexb70a.html]
[localhost/about me/wp-content/themes/enfold/framework/images/layout/index72c9.html]
[localhost/about me/wp-content/themes/enfold/framework/images/layout/index5851.html]
[localhost/about me/wp-content/themes/enfold/framework/images/layout/indexad3f.html]
[localhost/about me/wp-content/themes/enfold/framework/js/conditional_load/indexb70a.html]
[localhost/about me/wp-content/themes/enfold/framework/js/conditional_load/index72c9.html]
[localhost/about me/wp-content/themes/enfold/framework/js/conditional_load/index5851.html]
[localhost/about me/wp-content/themes/enfold/framework/js/conditional_load/indexad3f.html]
[localhost/about me/wp-content/themes/enfold/framework/php/auto-updates/indexb70a.html]
[localhost/about me/wp-content/themes/enfold/framework/php/auto-updates/index72c9.html]
[localhost/about me/wp-content/themes/enfold/framework/php/auto-updates/index5851.html]
[localhost/about me/wp-content/themes/enfold/framework/php/auto-updates/indexad3f.html]
[localhost/about me/wp-content/themes/enfold/framework/php/avia_shortcodes/indexb70a.html]
[localhost/about me/wp-content/themes/enfold/framework/php/avia_shortcodes/index72c9.html]
[localhost/about me/wp-content/themes/enfold/framework/php/avia_shortcodes/index5851.html]
[localhost/about me/wp-content/themes/enfold/framework/php/avia_shortcodes/indexad3f.html]
[localhost/about me/wp-content/themes/enfold/framework/php/avia_shortcodes/css/indexc052.html]
[localhost/about me/wp-content/themes/enfold/framework/php/avia_shortcodes/css/indexf8a0.html]
[localhost/about me/wp-content/themes/enfold/framework/php/avia_shortcodes/css/indexbfec.html]
[localhost/about me/wp-content/themes/enfold/framework/php/avia_shortcodes/css/index30b5.html]
[localhost/about me/wp-content/themes/enfold/framework/php/avia_shortcodes/css/styles.css]
[localhost/about me/wp-content/themes/enfold/framework/php/avia_shortcodes/img/indexc052.html]
[localhost/about me/wp-content/themes/enfold/framework/php/avia_shortcodes/img/indexf8a0.html]
[localhost/about me/wp-content/themes/enfold/framework/php/avia_shortcodes/img/indexbfec.html]
[localhost/about me/wp-content/themes/enfold/framework/php/avia_shortcodes/img/index30b5.html]
[localhost/about me/wp-content/themes/enfold/framework/php/avia_shortcodes/sc/indexc052.html]
[localhost/about me/wp-content/themes/enfold/framework/php/avia_shortcodes/sc/indexf8a0.html]
[localhost/about me/wp-content/themes/enfold/framework/php/avia_shortcodes/sc/indexbfec.html]
[localhost/about me/wp-content/themes/enfold/framework/php/avia_shortcodes/sc/index30b5.html]
[localhost/about me/wp-content/themes/enfold/framework/php/avia_shortcodes/tinymce/indexc052.html]
[localhost/about me/wp-content/themes/enfold/framework/php/avia_shortcodes/tinymce/indexf8a0.html]
[localhost/about me/wp-content/themes/enfold/framework/php/avia_shortcodes/tinymce/indexbfec.html]
[localhost/about me/wp-content/themes/enfold/framework/php/avia_shortcodes/tinymce/index30b5.html]
[localhost/about me/wp-content/themes/enfold/framework/php/avia_shortcodes/tinymce/dialog.html]
[localhost/about me/wp-content/themes/enfold/framework/php/avia_shortcodes/tinymce/img/index.html]
[localhost/about me/wp-content/themes/enfold/framework/php/avia_shortcodes/tinymce/js/column-control.js]
[localhost/about me/wp-content/themes/enfold/framework/php/avia_shortcodes/tinymce/js/dialog.js]
[localhost/about me/wp-content/themes/enfold/framework/php/avia_shortcodes/tinymce/js/sidebar-tab-control.js]
[localhost/about me/wp-content/themes/enfold/framework/php/avia_shortcodes/tinymce/js/tab-control.js]
[localhost/about me/wp-content/themes/enfold/framework/php/avia_shortcodes/tinymce/js/table-control.js]
[localhost/about me/wp-content/themes/enfold/framework/php/avia_shortcodes/tinymce/js/index.html]
[localhost/about me/wp-content/themes/enfold/framework/php/wordpress-importer/indexb70a.html]
[localhost/about me/wp-content/themes/enfold/framework/php/wordpress-importer/index72c9.html]
[localhost/about me/wp-content/themes/enfold/framework/php/wordpress-importer/index5851.html]
[localhost/about me/wp-content/themes/enfold/framework/php/wordpress-importer/indexad3f.html]
[localhost/about me/wp-content/themes/enfold/framework/css/conditional_load/index5851.html]
[localhost/about me/wp-content/themes/enfold/framework/php/avia_shortcodes/css/indexb70a.html]
[localhost/about me/wp-content/themes/enfold/framework/php/avia_shortcodes/css/index72c9.html]
[localhost/about me/wp-content/themes/enfold/framework/php/avia_shortcodes/css/index5851.html]
[localhost/about me/wp-content/themes/enfold/framework/php/avia_shortcodes/css/indexad3f.html]
[localhost/about me/wp-content/themes/enfold/framework/php/avia_shortcodes/img/indexb70a.html]
[localhost/about me/wp-content/themes/enfold/framework/php/avia_shortcodes/img/index72c9.html]
[localhost/about me/wp-content/themes/enfold/framework/php/avia_shortcodes/img/index5851.html]
[localhost/about me/wp-content/themes/enfold/framework/php/avia_shortcodes/img/indexad3f.html]
[localhost/about me/wp-content/themes/enfold/framework/php/avia_shortcodes/sc/indexb70a.html]
[localhost/about me/wp-content/themes/enfold/framework/php/avia_shortcodes/sc/index72c9.html]
[localhost/about me/wp-content/themes/enfold/framework/php/avia_shortcodes/sc/index5851.html]
[localhost/about me/wp-content/themes/enfold/framework/php/avia_shortcodes/sc/indexad3f.html]
[localhost/about me/wp-content/themes/enfold/framework/php/avia_shortcodes/tinymce/indexb70a.html]
[localhost/about me/wp-content/themes/enfold/framework/php/avia_shortcodes/tinymce/index72c9.html]
[localhost/about me/wp-content/themes/enfold/framework/php/avia_shortcodes/tinymce/index5851.html]
[localhost/about me/wp-content/themes/enfold/framework/php/avia_shortcodes/tinymce/indexad3f.html]
[localhost/about me/wp-content/themes/enfold/framework/php/avia_shortcodes/tinymce/img/indexc052.html]
[localhost/about me/wp-content/themes/enfold/framework/php/avia_shortcodes/tinymce/img/indexf8a0.html]
[localhost/about me/wp-content/themes/enfold/framework/php/avia_shortcodes/tinymce/img/indexbfec.html]
[localhost/about me/wp-content/themes/enfold/framework/php/avia_shortcodes/tinymce/img/index30b5.html]
[localhost/about me/wp-content/themes/enfold/framework/php/avia_shortcodes/tinymce/js/indexc052.html]
[localhost/about me/wp-content/themes/enfold/framework/php/avia_shortcodes/tinymce/js/indexf8a0.html]
[localhost/about me/wp-content/themes/enfold/framework/php/avia_shortcodes/tinymce/js/indexbfec.html]
[localhost/about me/wp-content/themes/enfold/framework/php/avia_shortcodes/tinymce/js/index30b5.html]
[localhost/about me/wp-content/themes/enfold/framework/php/avia_shortcodes/tinymce/img/indexb70a.html]
[localhost/about me/wp-content/themes/enfold/framework/php/avia_shortcodes/tinymce/img/index72c9.html]
[localhost/about me/wp-content/themes/enfold/framework/php/avia_shortcodes/tinymce/img/index5851.html]
[localhost/about me/wp-content/themes/enfold/framework/php/avia_shortcodes/tinymce/img/indexad3f.html]
[localhost/about me/wp-content/themes/enfold/framework/php/avia_shortcodes/tinymce/js/indexb70a.html]
[localhost/about me/wp-content/themes/enfold/framework/php/avia_shortcodes/tinymce/js/index72c9.html]
[localhost/about me/wp-content/themes/enfold/framework/php/avia_shortcodes/tinymce/js/index5851.html]
[localhost/about me/wp-content/themes/enfold/framework/php/avia_shortcodes/tinymce/js/indexad3f.html]
